[2J[H+----------------+
|................|
|................|
|................|
|...*............|
|................|
|........Ooo.....|
|................|
|................|
|................|
|................|
+----------------+
tick=0  length=3  food eaten=0  interventions=0
(starting)
[2J[H+----------------+
|................|
|................|
|................|
|...*............|
|................|
|........oo......|
|........O.......|
|................|
|................|
|................|
+----------------+
tick=1  length=3  food eaten=0  interventions=0
laya proposed: down, executed: down
risk noul: 0.7601  food noul: 0.7027  probabilities: {"up":0.1271,"down":0.4201,"left":0.2622,"right":0.1906}
[2J[H+----------------+
|................|
|................|
|................|
|...*............|
|................|
|........o.......|
|........oO......|
|................|
|................|
|................|
+----------------+
tick=2  length=3  food eaten=0  interventions=0
laya proposed: right, executed: right
risk noul: 0.7601  food noul: 0.7027  probabilities: {"up":0.2026,"down":0.3326,"left":0.1176,"right":0.3471}
[2J[H+----------------+
|................|
|................|
|................|
|...*............|
|................|
|................|
|........oo......|
|.........O......|
|................|
|................|
+----------------+
tick=3  length=3  food eaten=0  interventions=0
laya proposed: down, executed: down
risk noul: 0.7601  food noul: 0.7027  probabilities: {"up":0.1372,"down":0.3537,"left":0.1893,"right":0.3198}
[2J[H+----------------+
|................|
|................|
|................|
|...*............|
|................|
|................|
|.........o......|
|.........o......|
|.........O......|
|................|
+----------------+
tick=4  length=3  food eaten=0  interventions=0
laya proposed: down, executed: down
risk noul: 0.7601  food noul: 0.7027  probabilities: {"up":0.2065,"down":0.3995,"left":0.2336,"right":0.1605}
[2J[H+----------------+
|................|
|................|
|................|
|...*............|
|................|
|................|
|................|
|.........o......|
|.........oO.....|
|................|
+----------------+
tick=5  length=3  food eaten=0  interventions=0
laya proposed: right, executed: right
risk noul: 0.7601  food noul: 0.7027  probabilities: {"up":0.2026,"down":0.3326,"left":0.1176,"right":0.3471}
[2J[H+----------------+
|................|
|................|
|................|
|...*............|
|................|
|................|
|................|
|................|
|.........oo.....|
|..........O.....|
+----------------+
tick=6  length=3  food eaten=0  interventions=0
laya proposed: down, executed: down
risk noul: 0.7601  food noul: 0.7027  probabilities: {"up":0.1372,"down":0.3537,"left":0.1893,"right":0.3198}

Survived 6 ticks. length=3  food eaten=0  interventions=0
